
> eknova-website@0.1.0 build
> next build

▲ Next.js 16.1.6 (Turbopack)
- Environments: .env.local

  Creating an optimized production build ...
✓ Compiled successfully in 3.6s
  Running TypeScript ...
Failed to compile.

./lib/stripe/config.ts:8:5
Type error: Type '"2024-12-18.acacia"' is not assignable to type '"2026-01-28.clover"'.

[0m [90m  6 |[39m
 [90m  7 |[39m [36mexport[39m [36mconst[39m stripe [33m=[39m [36mnew[39m [33mStripe[39m(process[33m.[39menv[33m.[39m[33mSTRIPE_SECRET_KEY[39m[33m,[39m {
[31m[1m>[22m[39m[90m  8 |[39m     apiVersion[33m:[39m [32m'2024-12-18.acacia'[39m[33m,[39m
 [90m    |[39m     [31m[1m^[22m[39m
 [90m  9 |[39m     typescript[33m:[39m [36mtrue[39m[33m,[39m
 [90m 10 |[39m })[33m;[39m
 [90m 11 |[39m[0m
Next.js build worker exited with code: 1 and signal: null
